// Jest Snapshot v1, https://goo.gl/fbAQLP

exports[`RootLayout renders with proper provider hierarchy 1`] = `null`;
